// Jest Snapshot v1, https://goo.gl/fbAQLP

exports[`Alert renders correctly 1`] = `
<div
  className="accordion"
>
  <div
    className="card card"
  >
    <div
      className="columns card-header"
    >
      <div
        className="alertColumn fyi"
      />
      <div
        className="flexGrow"
      >
        <p
          className="titleText"
        >
          OH NOESSSS!!!!
        </p>
        <button
          className="caret"
          onClick={[Function]}
          type="button"
        >
          <span
            className="moreButton"
          >
            <svg
              aria-hidden="true"
              className="svg-inline--fa fa-angle-right "
              data-icon="angle-right"
              data-prefix="fas"
              focusable="false"
              role="img"
              style={Object {}}
              viewBox="0 0 256 512"
              xmlns="http://www.w3.org/2000/svg"
            >
              <path
                d="M224.3 273l-136 136c-9.4 9.4-24.6 9.4-33.9 0l-22.6-22.6c-9.4-9.4-9.4-24.6 0-33.9l96.4-96.4-96.4-96.4c-9.4-9.4-9.4-24.6 0-33.9L54.3 103c9.4-9.4 24.6-9.4 33.9 0l136 136c9.5 9.4 9.5 24.6.1 34z"
                fill="currentColor"
                style={Object {}}
              />
            </svg>
          </span>
        </button>
      </div>
    </div>
    <div
      aria-expanded={null}
      className="collapse"
    >
      <div
        className="flexCollapse"
      >
        <span
          className="content"
        />
        <div
          className="childCollapse"
        >
          <div
            className="container"
          >
            <div
              className="row"
            >
              <div
                className="col"
              >
                <p
                  className="subtitleText"
                >
                  Category:
                   
                  <b
                    className="propertyValue"
                  />
                </p>
              </div>
              <span
                className="lineBreakOne"
              />
            </div>
            <div
              className="contentParagraph"
            >
              <h3>
                Info
              </h3>
              <p>
                AHHHHHHHHH!!!!
              </p>
            </div>
            <span
              className="lineBreakTwo"
            />
          </div>
        </div>
      </div>
    </div>
  </div>
</div>
`;
