// Jest Snapshot v1, https://goo.gl/fbAQLP

exports[`Alert renders correctly 1`] = `
<div
  className="accordion"
>
  <div
    className="card card"
  >
    <div
      className="columns card-header"
    >
      <div
        className="container"
      >
        <div
          className="showGrid row"
          style={
            Object {
              "height": 68,
            }
          }
        >
          <div
            className="alertColumn rectangle Fyi"
          />
          <div
            className="alertColumn"
          />
          <div
            className="alertColumn spacerColumn col-md-4 col-1"
          >
            <p
              className="titleText"
            >
              OH NOESSSS!!!!
            </p>
            <p
              className="subtitleText"
            />
          </div>
          <div
            className="col-md-4 col-4"
          >
            <button
              className="caret"
              onClick={[Function]}
              type="button"
            >
              <p
                className="moreButton"
              >
                MORE
              </p>
            </button>
          </div>
          <div
            className="alertColumn rightColumn col-md-4 col-1"
          >
            <div
              className="severityRow"
            >
              <p
                className="subtitleText tag"
              >
                Fyi Severity
              </p>
            </div>
            <div
              className="tagsRow"
            >
              <p
                className="subtitleText tag"
              >
                Affected:
              </p>
              <p
                className="subtitleText tag"
              >
                age
              </p>
            </div>
          </div>
        </div>
      </div>
    </div>
    <div
      aria-expanded={null}
      className="collapse"
    >
      <div
        className="content"
      >
        <h3>
          Info
        </h3>
        <p>
          AHHHHHHHHH!!!!
        </p>
      </div>
    </div>
  </div>
</div>
`;
