// Jest Snapshot v1, https://goo.gl/fbAQLP

exports[`Alert renders correctly 1`] = `
<div
  className="accordion"
>
  <div
    className="card card"
  >
    <div
      className="columns card-header"
    >
      <div
        className="alertColumn circle high"
      />
      <div
        className="alertColumn"
      >
        <p
          className="label titleText"
        >
          Title
        </p>
        <p
          className="label subtitleText"
        >
          Type
        </p>
      </div>
      <div
        className="alertColumn spacerColumn"
      >
        <p
          className="titleText"
        >
          OH NOESSSS!!!!
        </p>
        <p
          className="subtitleText"
        >
          completeness
        </p>
      </div>
      <div
        className="alertColumn rightColumn"
      >
        <p
          className="bold subtitleText high"
        >
          High Severity
        </p>
        <div
          className="tagsRow"
        >
          <p
            className="subtitleText label"
          >
            Who's impacted
          </p>
          <p
            className="subtitleText tag"
          >
            age
          </p>
        </div>
      </div>
      <button
        className="caret"
        onClick={[Function]}
        type="button"
      >
        <img
          alt="dropdown toggle"
          className="caretImg"
          src="caret.png"
        />
      </button>
    </div>
    <div
      aria-expanded={null}
      className="collapse show"
    >
      <div
        className="content"
      >
        <h3>
          Info
        </h3>
        <p>
          AHHHHHHHHH!!!!
        </p>
      </div>
    </div>
  </div>
</div>
`;
