// Jest Snapshot v1, https://goo.gl/fbAQLP

exports[`Header renders correctly 1`] = `
<header
  className="header"
>
  <div
    className="headerWrap"
  >
    <div
      className="container clearfix"
    >
      <div
        className="primaryMenuTrigger"
        onClick={[Function]}
        onKeyPress={[Function]}
        role="button"
        tabIndex={0}
      >
        <i
          className="icon-reorder"
        />
      </div>
      <div
        className="logo"
      >
        <a
          aria-current="page"
          className="standardLogo"
          href="/"
          onClick={[Function]}
          onMouseEnter={[Function]}
          style={Object {}}
        >
          <img
            alt="logo"
            className="logoImg"
            src="logo-s.png"
          />
        </a>
      </div>
      <nav
        className="primaryMenu"
      >
        <div
          className="justify-content-end primaryNav nav"
          onKeyDown={[Function]}
        >
          <div
            className="nav-item"
          >
            <a
              className="navLink"
              href="/#section-mission"
              onClick={[Function]}
              onMouseEnter={[Function]}
            >
              <div>
                Mission
              </div>
            </a>
          </div>
          <div
            className="nav-item"
          >
            <a
              className="navLink"
              href="/#section-problem"
              onClick={[Function]}
              onMouseEnter={[Function]}
            >
              <div>
                Problem
              </div>
            </a>
          </div>
          <div
            className="nav-item"
          >
            <a
              className="navLink"
              href="/#section-solution"
              onClick={[Function]}
              onMouseEnter={[Function]}
            >
              <div>
                Solutions
              </div>
            </a>
          </div>
          <div
            className="nav-item"
          >
            <a
              className="navLink"
              href="/#section-team"
              onClick={[Function]}
              onMouseEnter={[Function]}
            >
              <div>
                Team
              </div>
            </a>
          </div>
          <div
            className="nav-item"
          >
            <a
              className="navLink"
              href="/#section-faq"
              onClick={[Function]}
              onMouseEnter={[Function]}
            >
              <div>
                Faq
              </div>
            </a>
          </div>
          <div
            className="nav-item"
          >
            <a
              className="navLink nav-link"
              data-rb-event-key="/#section-contact"
              href="/#section-contact"
              onClick={[Function]}
              onKeyDown={[Function]}
            >
              <div>
                Contact
              </div>
            </a>
          </div>
        </div>
      </nav>
    </div>
  </div>
</header>
`;
