// Jest Snapshot v1, https://goo.gl/fbAQLP

exports[`LabelMenus renders correctly 1`] = `
<div
  className="menuTop"
>
  <div
    className="labelMenu"
    style={
      Object {
        "display": undefined,
      }
    }
  >
    <div>
      <div
        id="selectButton"
      >
        <span
          className="menuTitle"
        >
          <span
            className="menuTitl"
            onClick={[Function]}
          >
            OVERVIEW
          </span>
          <div
            className=""
          />
        </span>
      </div>
    </div>
    <div>
      <div
        id="selectButton"
      >
        <span
          className="menuTitle"
        >
          <span
            className="menuTitl"
            onClick={[Function]}
          >
            USE CASES / ALERTS
          </span>
          <div
            className=""
          />
        </span>
      </div>
    </div>
    <div>
      <div
        id="selectButton"
      >
        <span
          className="menuTitle"
        >
          <span
            className="menuTitl"
            onClick={[Function]}
          >
            DATASET INFO
          </span>
          <div
            className=""
          />
        </span>
      </div>
    </div>
  </div>
</div>
`;
