// Jest Snapshot v1, https://goo.gl/fbAQLP

exports[`LabelBase renders correctly 1`] = `
<div>
  <header />
  <span
    className="weighted-line"
  >
    <h2 />
  </span>
  <span
    className="light-line"
  >
    <h1 />
  </span>
  <span
    className="light-line"
  >
    <h1 />
  </span>
</div>
`;
