// Jest Snapshot v1, https://goo.gl/fbAQLP

exports[`LabelTitle renders correctly 1`] = `
<div
  className="labelTitle"
>
  <h1
    className="headertTitle"
  >
    Data Nutrition Label
  </h1>
  <h1
    className="datasetLabel"
  >
    College Scoreboard Dataset 2020
  </h1>
  <div
    className="link"
  >
    <h2
      className="datasetNameLink"
    />
  </div>
  <div
    className="link"
  >
    <a
      className="datasetBoldLink"
      href="#"
    >
      <img
        alt=""
        id="datasetLink"
        src="/linkimg.png"
      />
    </a>
  </div>
  <div
    className="link"
  >
    <p
      className="datasetOriginLink"
    >
      US Department of Education
    </p>
  </div>
  <div
    className="link"
  >
    <a
      className="datasetLink"
      href="#"
    >
      <img
        alt=""
        id="datasetLink"
        src="/linkimg.png"
      />
    </a>
  </div>
  <span
    className="weightedLine"
  >
     
  </span>
</div>
`;
