// Jest Snapshot v1, https://goo.gl/fbAQLP

exports[`LabelTitle renders correctly 1`] = `
<div
  className="labelTitle"
>
  <h1
    className="headerTitle"
  >
    Dataset Name
  </h1>
  <div
    className="pageSubHeaderRow"
  />
  <p
    className="datasetOriginLink"
  >
    Dataset Nutrition Label
  </p>
  <div
    className="link"
  >
    <a
      className="datasetLink"
      href=""
    >
      <img
        alt=""
        id="datasetLink"
        src="/linkimg.png"
      />
    </a>
  </div>
</div>
`;
