// Jest Snapshot v1, https://goo.gl/fbAQLP

exports[`SectionBase renders correctly 1`] = `
<div
  className="sectionBase"
>
  <h1
    className="sectionBaseHeader"
  />
  <span
    className="weightedLine"
  >
    <h2 />
  </span>
  <span
    className="lightLine"
  >
    <h1 />
  </span>
  <span
    className="lightLine"
  >
    <h1 />
  </span>
</div>
`;
