// Jest Snapshot v1, https://goo.gl/fbAQLP

exports[`Test second page render renders correctly 1`] = `
<Layout>
  <SEO
    description=""
    lang="en"
    meta={Array []}
    title="Page two"
  />
  <h1>
    Hi from the second page
  </h1>
  <p>
    Welcome to page 2
  </p>
  <Button
    active={false}
    disabled={false}
    type="button"
    variant="primary"
  >
    Click Me!
  </Button>
  <ForwardRef
    to="/"
  >
    Go back to the homepage
  </ForwardRef>
</Layout>
`;
